ARM Linker, RVCT3.1 [Build 939] for uVision [Standard]

================================================================================

Section Cross References

    lpc2300.o(STACK) refers (Special) to stkheap2.o(.text) for __use_two_region_memory
    lpc2300.o(HEAP) refers (Special) to stkheap2.o(.text) for __use_two_region_memory
    lpc2300.o(RESET) refers to lpc2300.o(STACK) for Stack_Top
    lpc2300.o(RESET) refers to __main.o(!!!main) for __main
    lpc2300.o(RESET) refers (Special) to stkheap2.o(.text) for __use_two_region_memory
    lpc2300.o(.text) refers to lpc2300.o(HEAP) for Heap_Mem
    lpc2300.o(.text) refers to lpc2300.o(STACK) for Stack_Mem
    lpc2300.o(.text) refers (Special) to stkheap2.o(.text) for __use_two_region_memory
    09hc.o(.text) refers to aeabi_sdiv.o(.text) for __aeabi_idivmod
    09hc.o(.text) refers to aeabi_sdiv.o(.text_udiv) for __aeabi_uidivmod
    09hc.o(.text) refers to __0sprintf.o(.text) for __1sprintf
    09hc.o(.text) refers to 09hc.o(.data) for thoigian
    09hc.o(.text) refers (Special) to _printf_dec.o(.text) for _printf_int_dec
    09hc.o(.text) refers (Special) to _printf_pad.o(.text) for _printf_pre_padding
    09hc.o(.text) refers (Special) to __printf.o(.text) for _printf_percent
    09hc.o(.data) refers (Special) to _printf_dec.o(.text) for _printf_int_dec
    09hc.o(.data) refers (Special) to _printf_pad.o(.text) for _printf_pre_padding
    09hc.o(.data) refers (Special) to __printf.o(.text) for _printf_percent
    lcd_4bit.o(.text) refers to lcd_4bit.o(.constdata) for UserFont
    __printf.o(.text) refers to callvia.o(.text) for __ARM_call_via_r1
    __printf.o(.text) refers (Weak) to _printf_dec.o(.text) for _printf_int_dec
    __printf.o(.text) refers to __printf.o(.constdata) for .constdata
    _printf_pad.o(.text) refers to callvia.o(.text) for __ARM_call_via_r2
    _printf_dec.o(.text) refers to rtudiv10.o(.text) for __rt_udiv10
    _printf_dec.o(.text) refers to _printf_intcommon.o(.text) for _printf_int_common
    __0sprintf.o(.text) refers to _printf_char_common.o(.text) for _printf_char_common
    __0sprintf.o(.text) refers to _sputc.o(.text) for _sputc
    aeabi_sdiv.o(.text_udiv) refers to aeabi_sdiv.o(.text) for __arm_div4
    aeabi_sdiv_div0.o(.text_udiv) refers to aeabi_sdiv_div0.o(.text) for __arm_div4
    stkheap2.o(.text) refers to sys_stackheap_outer.o(.text) for __user_setup_stackheap
    stkheap2.o(.text) refers to rt_stackheap_storage_intlibspace.o(.text) for __rt_stackheap_storage
    __main.o(!!!main) refers to kernel.o(.text) for __rt_entry
    kernel.o(.text) refers to stkheap2.o(.text) for __rt_stackheap_init
    kernel.o(.text) refers to boardinit2.o(.text) for _platform_post_stackheap_init
    kernel.o(.text) refers to lib_init.o(.text) for __rt_lib_init
    kernel.o(.text) refers to boardinit3.o(.text) for _platform_post_lib_init
    kernel.o(.text) refers to exit.o(.text) for exit
    kernel.o(.text) refers to 09hc.o(.text) for main
    kernel.o(.text) refers to sys_exit.o(.text) for _sys_exit
    kernel.o(.ARM.exidx) refers to kernel.o(.text) for __rt_entry
    sys_stackheap_outer.o(.text) refers to libspace.o(.text) for __user_perproc_libspace
    sys_stackheap_outer.o(.text) refers to lpc2300.o(.text) for __user_initial_stackheap
    aeabi_idiv0_sigfpe.o(.text) refers to rt_div0.o(.text) for __rt_div0
    rt_stackheap_storage.o(.text) refers to rt_stackheap_storage.o(.bss) for __rt_stackheap_storage_data
    rt_stackheap_storage_intlibspace.o(.text) refers to libspace.o(.bss) for __libspace_start
    _printf_intcommon.o(.text) refers (Weak) to _printf_pad.o(.text) for _printf_pre_padding
    _printf_intcommon.o(.text) refers to callvia.o(.text) for __ARM_call_via_r2
    _printf_intcommon.o(.text) refers (Weak) to _printf_pad.o(.text) for _printf_pre_padding
    _printf_intcommon.o(.text) refers (Weak) to _printf_pad.o(.text) for _printf_post_padding
    _printf_char_common.o(.text) refers to __printf.o(.text) for __printf
    _printf_char_common.o(.text) refers to _printf_outstr_char.o(.text) for _printf_outstr_char
    _printf_char_common.o(.text) refers to _printf_input_char.o(.text) for _printf_input_char
    sys_exit.o(.text) refers to use_no_semi.o(.text) for __I_use_semihosting
    libspace.o(.text) refers to libspace.o(.bss) for __libspace_start
    rt_div0.o(.text) refers to defsig_fpe_outer.o(.text) for __rt_SIGFPE
    _printf_outstr_char.o(.text) refers to callvia.o(.text) for __ARM_call_via_r2
    exit.o(.text) refers to kernel.o(.text) for __rt_exit
    stkheap1.o(.text) refers to sys_stackheap_outer.o(.text) for __user_setup_stackheap
    stkheap1.o(.text) refers to rt_stackheap_storage_intlibspace.o(.text) for __rt_stackheap_storage
    lib_init.o(.emb_text) refers to no_argv.o(.text) for __ARM_get_argv
    lib_init.o(.text) refers to fpinit.o(x$fpl$fpinit) for _fp_init
    lib_init.o(.text) refers to lib_init.o(.emb_text) for __ARM_argv_veneer
    lib_init.o(.text) refers to rt_locale_intlibspace.o(.text) for __rt_locale
    rt_locale.o(.text) refers to rt_locale.o(.bss) for __rt_locale_data
    rt_locale_intlibspace.o(.text) refers to libspace.o(.bss) for __libspace_start
    defsig_fpe_outer.o(.text) refers to defsig_fpe_inner.o(.text) for __rt_SIGFPE_inner
    defsig_fpe_outer.o(.text) refers to defsig_exit.o(.text) for __sig_exit
    defsig_fpe_formal.o(.text) refers to rt_raise.o(.text) for __rt_raise
    _get_argv.o(.text) refers to heapext.o(.text) for __heap_extend
    _get_argv.o(.text) refers to defsig_rtmem_outer.o(.text) for __rt_SIGRTMEM
    _get_argv.o(.text) refers to sys_command.o(.text) for _sys_command_string
    _get_argv.o(.text) refers (Special) to hrguard.o(.text) for __heap_region_guard
    fpinit.o(x$fpl$fpinit) refers to rt_fp_status_addr_intlibspace.o(.text) for __rt_fp_status_addr
    sys_command.o(.text) refers (Special) to use_no_semi.o(.text) for __I_use_semihosting
    rt_raise.o(.text) refers to __raise.o(.text) for __raise
    rt_raise.o(.text) refers to sys_exit.o(.text) for _sys_exit
    rt_fp_status_addr.o(.text) refers to rt_fp_status_addr.o(.bss) for __rt_fp_status_addr_data
    rt_fp_status_addr_intlibspace.o(.text) refers to libspace.o(.bss) for __libspace_start
    defsig.o(CL$$defsig) refers to defsig_fpe_inner.o(.text) for __rt_SIGFPE_inner
    defsig.o(CL$$defsig) refers to defsig_rtmem_inner.o(.text) for __rt_SIGRTMEM_inner
    defsig_exit.o(.text) refers to sys_exit.o(.text) for _sys_exit
    defsig_fpe_inner.o(.text) refers to defsig_general.o(.text) for __default_signal_display
    defsig_rtmem_outer.o(.text) refers to defsig_rtmem_inner.o(.text) for __rt_SIGRTMEM_inner
    defsig_rtmem_outer.o(.text) refers to defsig_exit.o(.text) for __sig_exit
    defsig_rtmem_formal.o(.text) refers to rt_raise.o(.text) for __rt_raise
    heapext.o(.text) refers to stkheap2.o(.text) for __rt_heap_extend
    __raise.o(.text) refers to defsig.o(CL$$defsig) for __default_signal_handler
    __raise.o(.text) refers to callvia.o(.text) for __ARM_call_via_r2
    defsig_general.o(.text) refers to sys_wrch.o(.text) for _ttywrch
    defsig_abrt_inner.o(.text) refers to defsig_general.o(.text) for __default_signal_display
    defsig_rtred_inner.o(.text) refers to defsig_general.o(.text) for __default_signal_display
    defsig_rtmem_inner.o(.text) refers to defsig_general.o(.text) for __default_signal_display
    defsig_stak_inner.o(.text) refers to defsig_general.o(.text) for __default_signal_display
    defsig_pvfn_inner.o(.text) refers to defsig_general.o(.text) for __default_signal_display
    defsig_cppl_inner.o(.text) refers to defsig_general.o(.text) for __default_signal_display
    defsig_segv_inner.o(.text) refers to defsig_general.o(.text) for __default_signal_display
    defsig_other.o(.text) refers to defsig_general.o(.text) for __default_signal_display
    sys_wrch.o(.text) refers (Special) to use_no_semi.o(.text) for __I_use_semihosting


================================================================================

Removing Unused input sections from the image.

    Removing lcd_4bit.o(.text), (764 bytes).
    Removing lcd_4bit.o(.constdata), (64 bytes).

2 unused section(s) (total 828 bytes) removed from the image.

================================================================================

Adding Veneers to the image

    Adding TA veneer (8 bytes, Short) for call to '__rt_exit' from exit.o(.text).
    Adding AT veneer (12 bytes, Long) for call to '__rt_lib_shutdown' from kernel.o(.text).
    Adding TA veneer (4 bytes, Inline) for call to '_fp_init' from lib_init.o(.text).
    Adding TA veneer (4 bytes, Inline) for call to '__rt_locale' from lib_init.o(.text).
    Adding AT veneer (8 bytes, Inline) for call to '__rt_lib_init' from kernel.o(.text).
    Adding TA veneer (4 bytes, Inline) for call to '__rt_udiv10' from _printf_dec.o(.text).
    Adding AT veneer (8 bytes, Inline) for call to '__1sprintf' from 09hc.o(.text).
    Adding TA veneer (4 bytes, Inline) for call to '__ARM_argv_veneer' from lib_init.o(.text).

8 Veneer(s) (total 52 bytes) added to the image.

================================================================================

Image Symbol Table

    Local Symbols

    Symbol Name                              Value     Ov Type        Size  Object(Section)

    RESET                                    0x00000000   Section      364  lpc2300.o(RESET)
    ../../angel/boardlib.s                   0x00000000   Number         0  boardshut.o ABSOLUTE
    ../../angel/boardlib.s                   0x00000000   Number         0  boardinit1.o ABSOLUTE
    ../../angel/boardlib.s                   0x00000000   Number         0  boardinit3.o ABSOLUTE
    ../../angel/boardlib.s                   0x00000000   Number         0  boardinit2.o ABSOLUTE
    ../../angel/boardlib.s                   0x00000000   Number         0  cpuinit.o ABSOLUTE
    ../../angel/handlers.s                   0x00000000   Number         0  __scatter_copy.o ABSOLUTE
    ../../angel/handlers.s                   0x00000000   Number         0  __scatter_zi.o ABSOLUTE
    ../../angel/kernel.s                     0x00000000   Number         0  kernel.o ABSOLUTE
    ../../angel/rt.s                         0x00000000   Number         0  aeabi_idiv0_sigfpe.o ABSOLUTE
    ../../angel/rt.s                         0x00000000   Number         0  rt_stackheap_storage_intlibspace.o ABSOLUTE
    ../../angel/rt.s                         0x00000000   Number         0  rt_fp_status_addr.o ABSOLUTE
    ../../angel/rt.s                         0x00000000   Number         0  rt_locale.o ABSOLUTE
    ../../angel/rt.s                         0x00000000   Number         0  rt_stackheap_storage.o ABSOLUTE
    ../../angel/rt.s                         0x00000000   Number         0  rt_locale_intlibspace.o ABSOLUTE
    ../../angel/rt.s                         0x00000000   Number         0  rt_div0.o ABSOLUTE
    ../../angel/rt.s                         0x00000000   Number         0  aeabi_idiv0.o ABSOLUTE
    ../../angel/rt.s                         0x00000000   Number         0  rt_fp_status_addr_intlibspace.o ABSOLUTE
    ../../angel/rt.s                         0x00000000   Number         0  rt_raise.o ABSOLUTE
    ../../angel/scatter.s                    0x00000000   Number         0  __scatter.o ABSOLUTE
    ../../angel/startup.s                    0x00000000   Number         0  __main.o ABSOLUTE
    ../../angel/sys.s                        0x00000000   Number         0  libspace.o ABSOLUTE
    ../../angel/sys.s                        0x00000000   Number         0  sys_exit.o ABSOLUTE
    ../../angel/sys.s                        0x00000000   Number         0  use_no_semi.o ABSOLUTE
    ../../angel/sys.s                        0x00000000   Number         0  sys_stackheap_outer.o ABSOLUTE
    ../../angel/sysapp.c                     0x00000000   Number         0  sys_command.o ABSOLUTE
    ../../angel/sysapp.c                     0x00000000   Number         0  sys_wrch.o ABSOLUTE
    ../../armsys.c                           0x00000000   Number         0  lib_init.o ABSOLUTE
    ../../armsys.c                           0x00000000   Number         0  no_argv.o ABSOLUTE
    ../../armsys.c                           0x00000000   Number         0  _get_argv.o ABSOLUTE
    ../../armsys.c                           0x00000000   Number         0  lib_init.o ABSOLUTE
    ../../division.s                         0x00000000   Number         0  rtudiv10.o ABSOLUTE
    ../../division.s                         0x00000000   Number         0  aeabi_sdiv.o ABSOLUTE
    ../../division.s                         0x00000000   Number         0  aeabi_sdiv_div0.o ABSOLUTE
    ../../divrt.s                            0x00000000   Number         0  divrt_7tdmi_div0.o ABSOLUTE
    ../../divrt.s                            0x00000000   Number         0  divrt_7tdmi.o ABSOLUTE
    ../../fpinit.s                           0x00000000   Number         0  fpinit.o ABSOLUTE
    ../../heapalloc.c                        0x00000000   Number         0  hrguard.o ABSOLUTE
    ../../printf.c                           0x00000000   Number         0  _printf_char_common.o ABSOLUTE
    ../../printf.c                           0x00000000   Number         0  _sputc.o ABSOLUTE
    ../../printf.c                           0x00000000   Number         0  _printf_intcommon.o ABSOLUTE
    ../../printf.c                           0x00000000   Number         0  _printf_input_char.o ABSOLUTE
    ../../printf.c                           0x00000000   Number         0  _printf_outstr_char.o ABSOLUTE
    ../../printf.c                           0x00000000   Number         0  _printf_pad.o ABSOLUTE
    ../../printf.c                           0x00000000   Number         0  _printf_dec.o ABSOLUTE
    ../../printf.c                           0x00000000   Number         0  __0sprintf.o ABSOLUTE
    ../../printf.c                           0x00000000   Number         0  __printf.o ABSOLUTE
    ../../signal.c                           0x00000000   Number         0  defsig_general.o ABSOLUTE
    ../../signal.c                           0x00000000   Number         0  defsig_fpe_outer.o ABSOLUTE
    ../../signal.c                           0x00000000   Number         0  defsig_fpe_formal.o ABSOLUTE
    ../../signal.c                           0x00000000   Number         0  defsig_exit.o ABSOLUTE
    ../../signal.c                           0x00000000   Number         0  defsig_fpe_inner.o ABSOLUTE
    ../../signal.c                           0x00000000   Number         0  defsig_rtmem_outer.o ABSOLUTE
    ../../signal.c                           0x00000000   Number         0  defsig_rtmem_formal.o ABSOLUTE
    ../../signal.c                           0x00000000   Number         0  __raise.o ABSOLUTE
    ../../signal.c                           0x00000000   Number         0  defsig_abrt_inner.o ABSOLUTE
    ../../signal.c                           0x00000000   Number         0  defsig_rtred_inner.o ABSOLUTE
    ../../signal.c                           0x00000000   Number         0  defsig_rtmem_inner.o ABSOLUTE
    ../../signal.c                           0x00000000   Number         0  defsig_stak_inner.o ABSOLUTE
    ../../signal.c                           0x00000000   Number         0  defsig_pvfn_inner.o ABSOLUTE
    ../../signal.c                           0x00000000   Number         0  defsig_cppl_inner.o ABSOLUTE
    ../../signal.c                           0x00000000   Number         0  defsig_segv_inner.o ABSOLUTE
    ../../signal.c                           0x00000000   Number         0  defsig_other.o ABSOLUTE
    ../../signal.s                           0x00000000   Number         0  defsig.o ABSOLUTE
    ../../stdlib.c                           0x00000000   Number         0  exit.o ABSOLUTE
    ../../stkheap.s                          0x00000000   Number         0  heapext.o ABSOLUTE
    ../../stkheap1.s                         0x00000000   Number         0  stkheap1.o ABSOLUTE
    ../../stkheap2.s                         0x00000000   Number         0  stkheap2.o ABSOLUTE
    ../../unhosted.s                         0x00000000   Number         0  callvia.o ABSOLUTE
    09hc.c                                   0x00000000   Number         0  09hc.o ABSOLUTE
    LCD_4bit.c                               0x00000000   Number         0  lcd_4bit.o ABSOLUTE
    LPC2300.s                                0x00000000   Number         0  lpc2300.o ABSOLUTE
    dc.s                                     0x00000000   Number         0  dc.o ABSOLUTE
    Undef_Handler                            0x00000040   ARM Code       4  lpc2300.o(RESET)
    SWI_Handler                              0x00000044   ARM Code       4  lpc2300.o(RESET)
    PAbt_Handler                             0x00000048   ARM Code       4  lpc2300.o(RESET)
    DAbt_Handler                             0x0000004c   ARM Code       4  lpc2300.o(RESET)
    IRQ_Handler                              0x00000050   ARM Code       4  lpc2300.o(RESET)
    FIQ_Handler                              0x00000054   ARM Code       4  lpc2300.o(RESET)
    !!!main                                  0x0000016c   Section        8  __main.o(!!!main)
    !!!scatter                               0x00000174   Section       60  __scatter.o(!!!scatter)
    !!handler_copy                           0x000001b0   Section       40  __scatter_copy.o(!!handler_copy)
    !!handler_zi                             0x000001d8   Section       44  __scatter_zi.o(!!handler_zi)
    .emb_text                                0x00000208   Section       16  lib_init.o(.emb_text)
    .text                                    0x00000218   Section       32  lpc2300.o(.text)
    .text                                    0x00000238   Section     2032  09hc.o(.text)
    .text                                    0x00000a28   Section      760  __printf.o(.text)
    .text                                    0x00000d20   Section       84  _printf_pad.o(.text)
    .text                                    0x00000d74   Section      116  _printf_dec.o(.text)
    .text                                    0x00000df0   Section       44  __0sprintf.o(.text)
    .text                                    0x00000e1c   Section      384  aeabi_sdiv.o(.text)
    __arm_div8                               0x00000e48   ARM Code       0  aeabi_sdiv.o(.text)
    __arm_div4                               0x00000e78   ARM Code       0  aeabi_sdiv.o(.text)
    __arm_div_large                          0x00000ecc   ARM Code       0  aeabi_sdiv.o(.text)
    .text                                    0x00000f9c   Section       64  stkheap2.o(.text)
    .text                                    0x00000fdc   Section      104  kernel.o(.text)
    .text                                    0x00001044   Section       96  sys_stackheap_outer.o(.text)
    .text                                    0x000010a4   Section       16  rt_stackheap_storage_intlibspace.o(.text)
    .text                                    0x000010b4   Section      168  _printf_intcommon.o(.text)
    .text                                    0x0000115c   Section       52  _printf_char_common.o(.text)
    .text                                    0x00001190   Section       10  _sputc.o(.text)
    .text                                    0x000011a0   Section       44  rtudiv10.o(.text)
    .text                                    0x000011cc   Section       16  callvia.o(.text)
    .text                                    0x000011dc   Section       24  sys_exit.o(.text)
    .text                                    0x000011f4   Section       12  libspace.o(.text)
    .text                                    0x00001200   Section       32  _printf_outstr_char.o(.text)
    .text                                    0x00001220   Section       10  _printf_input_char.o(.text)
    .text                                    0x0000122a   Section       12  exit.o(.text)
    .text                                    0x00001240   Section      206  lib_init.o(.text)
    .text                                    0x00001310   Section       12  boardinit2.o(.text)
    .text                                    0x0000131c   Section       16  boardinit3.o(.text)
    .text                                    0x0000132c   Section        4  use_no_semi.o(.text)
    .text                                    0x00001334   Section       16  rt_locale_intlibspace.o(.text)
    .text                                    0x00001344   Section        6  no_argv.o(.text)
    .text                                    0x0000134c   Section       16  rt_fp_status_addr_intlibspace.o(.text)
    .text_udiv                               0x0000135c   Section       28  aeabi_sdiv.o(.text_udiv)
    x$fpl$fpinit                             0x00001390   Section       24  fpinit.o(x$fpl$fpinit)
    .constdata                               0x000013a8   Section       17  __printf.o(.constdata)
    maptable@__printf_0                      0x000013a8   Data          17  __printf.o(.constdata)
    .data                                    0x40000000   Section        8  09hc.o(.data)
    .bss                                     0x40000008   Section       96  libspace.o(.bss)
    HEAP                                     0x40000068   Number         0  lpc2300.o(HEAP)
    STACK                                    0x40000068   Section     1288  lpc2300.o(STACK)
    Heap_Mem                                 0x40000068   Number         0  lpc2300.o(HEAP)
    Stack_Mem                                0x40000068   Data        1024  lpc2300.o(STACK)
    Stack_Top                                0x40000570   Number         0  lpc2300.o(STACK)

    Global Symbols

    Symbol Name                              Value     Ov Type        Size  Object(Section)

    BuildAttributes$$THM_ISAv1$ARM_ISAv4$M$S$PE$A:L22$X:L11$S22$IEEE1$IW$USESV6$~STKCKD$USESV7$~SHL$OSPACE$EBA8$STANDARDLIB$REQ8$EABIv2 0x00000000   Number         0  anon$$obj.o ABSOLUTE
    __ARM_use_no_argv                        0x00000000   Number         0  09hc.o ABSOLUTE
    __ARM_exceptions_init                     - Undefined Weak Reference
    __Heap_DescSize                           - Undefined Weak Reference
    __alloca_initialize                       - Undefined Weak Reference
    __cpp_initialize__aeabi_                  - Undefined Weak Reference
    __cxa_finalize                            - Undefined Weak Reference
    __sigvec_lookup                           - Undefined Weak Reference
    __user_heap_extend                        - Undefined Weak Reference
    _atexit_init                              - Undefined Weak Reference
    _call_atexit_fns                          - Undefined Weak Reference
    _clock_init                               - Undefined Weak Reference
    _fp_trap_init                             - Undefined Weak Reference
    _get_lc_collate                           - Undefined Weak Reference
    _get_lc_ctype                             - Undefined Weak Reference
    _get_lc_monetary                          - Undefined Weak Reference
    _get_lc_numeric                           - Undefined Weak Reference
    _get_lc_time                              - Undefined Weak Reference
    _getenv_init                              - Undefined Weak Reference
    _handle_redirection                       - Undefined Weak Reference
    _init_alloc                               - Undefined Weak Reference
    _init_user_alloc                          - Undefined Weak Reference
    _initio                                   - Undefined Weak Reference
    _printf_charcount                         - Undefined Weak Reference
    _printf_fp_dec                            - Undefined Weak Reference
    _printf_fp_hex                            - Undefined Weak Reference
    _printf_longlong_dec                      - Undefined Weak Reference
    _printf_longlong_hex                      - Undefined Weak Reference
    _printf_longlong_oct                      - Undefined Weak Reference
    _printf_mbtowc                            - Undefined Weak Reference
    _printf_str                               - Undefined Weak Reference
    _printf_truncate_signed                   - Undefined Weak Reference
    _printf_truncate_unsigned                 - Undefined Weak Reference
    _printf_wc                                - Undefined Weak Reference
    _printf_wctomb                            - Undefined Weak Reference
    _rand_init                                - Undefined Weak Reference
    _signal_init                              - Undefined Weak Reference
    _terminate_user_alloc                     - Undefined Weak Reference
    _terminateio                              - Undefined Weak Reference
    Reset_Handler                            0x00000058   ARM Code       0  lpc2300.o(RESET)
    __main                                   0x0000016c   ARM Code       8  __main.o(!!!main)
    __scatterload                            0x00000174   ARM Code       0  __scatter.o(!!!scatter)
    __scatterload_rt2                        0x00000174   ARM Code      52  __scatter.o(!!!scatter)
    __scatterload_null                       0x00000188   ARM Code       0  __scatter.o(!!!scatter)
    __scatterload_copy                       0x000001b0   ARM Code      40  __scatter_copy.o(!!handler_copy)
    __scatterload_zeroinit                   0x000001d8   ARM Code      44  __scatter_zi.o(!!handler_zi)
    Inline Thumb to ARM Veneer to __ARM_argv_veneer 0x00000205   Thumb Code     0  lib_init.o(.emb_text)
    __ARM_argv_veneer                        0x00000208   ARM Code      16  lib_init.o(.emb_text)
    __user_initial_stackheap                 0x00000218   ARM Code       0  lpc2300.o(.text)
    getkey                                   0x00000238   ARM Code      32  09hc.o(.text)
    sendchar                                 0x00000258   ARM Code      32  09hc.o(.text)
    InitUART                                 0x00000278   ARM Code      72  09hc.o(.text)
    Interrup                                 0x000002c0   ARM Code      36  09hc.o(.text)
    Interrup2                                0x000002e4   ARM Code      40  09hc.o(.text)
    Send_String                              0x0000030c   ARM Code      48  09hc.o(.text)
    NumberToChar                             0x0000033c   ARM Code     184  09hc.o(.text)
    CharToNumber                             0x000003f4   ARM Code     188  09hc.o(.text)
    StringToNumber                           0x000004b0   ARM Code      36  09hc.o(.text)
    NumberToString                           0x000004d4   ARM Code     432  09hc.o(.text)
    MSSV                                     0x00000684   ARM Code      48  09hc.o(.text)
    Menu                                     0x000006b4   ARM Code     100  09hc.o(.text)
    NumberToBinary                           0x00000718   ARM Code      96  09hc.o(.text)
    LED_ON                                   0x00000778   ARM Code      20  09hc.o(.text)
    LED_OFF                                  0x0000078c   ARM Code      20  09hc.o(.text)
    Cal_Plus                                 0x000007a0   ARM Code      12  09hc.o(.text)
    Cal_Divison                              0x000007ac   ARM Code      32  09hc.o(.text)
    Cal_Multi                                0x000007cc   ARM Code      12  09hc.o(.text)
    Cal_Subtracsion                          0x000007d8   ARM Code      12  09hc.o(.text)
    WDTHandler                               0x000007e4   ARM Code      40  09hc.o(.text)
    XLNgatTimer0                             0x0000080c   ARM Code     384  09hc.o(.text)
    CaiDatNgatTimer                          0x0000098c   ARM Code      60  09hc.o(.text)
    InitRTC                                  0x000009c8   ARM Code      64  09hc.o(.text)
    main                                     0x00000a08   ARM Code      24  09hc.o(.text)
    __printf                                 0x00000a29   Thumb Code   748  __printf.o(.text)
    _printf_return_value                     0x00000d15   Thumb Code     2  __printf.o(.text)
    _printf_percent                          0x00000d17   Thumb Code     2  __printf.o(.text)
    _printf_sizespec                         0x00000d19   Thumb Code     2  __printf.o(.text)
    _printf_pre_padding                      0x00000d21   Thumb Code    48  _printf_pad.o(.text)
    _printf_post_padding                     0x00000d51   Thumb Code    36  _printf_pad.o(.text)
    _printf_int_dec                          0x00000d75   Thumb Code    98  _printf_dec.o(.text)
    Inline ARM to Thumb Veneer to __1sprintf 0x00000de8   ARM Code       0  __0sprintf.o(.text)
    __0sprintf                               0x00000df1   Thumb Code    40  __0sprintf.o(.text)
    __1sprintf                               0x00000df1   Thumb Code     0  __0sprintf.o(.text)
    __aeabi_idiv                             0x00000e1c   ARM Code       0  aeabi_sdiv.o(.text)
    __aeabi_idivmod                          0x00000e1c   ARM Code     384  aeabi_sdiv.o(.text)
    __use_two_region_memory                  0x00000f9c   ARM Code       4  stkheap2.o(.text)
    __rt_stackheap_init                      0x00000fa0   ARM Code      36  stkheap2.o(.text)
    __rt_heap_extend                         0x00000fc4   ARM Code      24  stkheap2.o(.text)
    __rt_entry                               0x00000fdc   ARM Code      76  kernel.o(.text)
    __rt_exit                                0x00001028   ARM Code      20  kernel.o(.text)
    __rt_abort                               0x0000103c   ARM Code       8  kernel.o(.text)
    __user_setup_stackheap                   0x00001044   ARM Code      96  sys_stackheap_outer.o(.text)
    __rt_stackheap_storage                   0x000010a4   ARM Code      12  rt_stackheap_storage_intlibspace.o(.text)
    _printf_int_common                       0x000010b5   Thumb Code   168  _printf_intcommon.o(.text)
    _printf_char_common                      0x0000115d   Thumb Code    44  _printf_char_common.o(.text)
    _sputc                                   0x00001191   Thumb Code    10  _sputc.o(.text)
    Inline Thumb to ARM Veneer to __rt_udiv10 0x0000119d   Thumb Code     0  rtudiv10.o(.text)
    __rt_udiv10                              0x000011a0   ARM Code      44  rtudiv10.o(.text)
    __ARM_call_via_r0                        0x000011cd   Thumb Code     2  callvia.o(.text)
    __call_via_r0                            0x000011cd   Thumb Code     0  callvia.o(.text)
    __ARM_call_via_r1                        0x000011cf   Thumb Code     2  callvia.o(.text)
    __call_via_r1                            0x000011cf   Thumb Code     0  callvia.o(.text)
    __ARM_call_via_r2                        0x000011d1   Thumb Code     2  callvia.o(.text)
    __call_via_r2                            0x000011d1   Thumb Code     0  callvia.o(.text)
    __ARM_call_via_r3                        0x000011d3   Thumb Code     2  callvia.o(.text)
    __call_via_r3                            0x000011d3   Thumb Code     0  callvia.o(.text)
    __ARM_call_via_r4                        0x000011d5   Thumb Code     2  callvia.o(.text)
    __call_via_r4                            0x000011d5   Thumb Code     0  callvia.o(.text)
    __ARM_call_via_r5                        0x000011d7   Thumb Code     2  callvia.o(.text)
    __call_via_r5                            0x000011d7   Thumb Code     0  callvia.o(.text)
    __ARM_call_via_r6                        0x000011d9   Thumb Code     2  callvia.o(.text)
    __call_via_r6                            0x000011d9   Thumb Code     0  callvia.o(.text)
    __ARM_call_via_r7                        0x000011db   Thumb Code     2  callvia.o(.text)
    __call_via_r7                            0x000011db   Thumb Code     0  callvia.o(.text)
    _sys_exit                                0x000011dc   ARM Code      20  sys_exit.o(.text)
    __user_libspace                          0x000011f4   ARM Code       8  libspace.o(.text)
    __user_perproc_libspace                  0x000011f4   ARM Code       0  libspace.o(.text)
    __user_perthread_libspace                0x000011f4   ARM Code       0  libspace.o(.text)
    _printf_outstr_char                      0x00001201   Thumb Code    32  _printf_outstr_char.o(.text)
    _printf_input_char                       0x00001221   Thumb Code    10  _printf_input_char.o(.text)
    exit                                     0x0000122b   Thumb Code    12  exit.o(.text)
    Inline ARM to Thumb Veneer to __rt_lib_init 0x00001238   ARM Code       0  lib_init.o(.text)
    __rt_lib_init                            0x00001241   Thumb Code   184  lib_init.o(.text)
    __rt_lib_shutdown                        0x000012f9   Thumb Code    22  lib_init.o(.text)
    _platform_post_stackheap_init            0x00001310   ARM Code      12  boardinit2.o(.text)
    _platform_post_lib_init                  0x0000131c   ARM Code      16  boardinit3.o(.text)
    __I_use_semihosting                      0x0000132c   ARM Code       0  use_no_semi.o(.text)
    __use_no_semihosting_swi                 0x0000132c   ARM Code       4  use_no_semi.o(.text)
    Inline Thumb to ARM Veneer to __rt_locale 0x00001331   Thumb Code     0  rt_locale_intlibspace.o(.text)
    __rt_locale                              0x00001334   ARM Code      12  rt_locale_intlibspace.o(.text)
    __ARM_get_argv                           0x00001345   Thumb Code     6  no_argv.o(.text)
    __rt_fp_status_addr                      0x0000134c   ARM Code      12  rt_fp_status_addr_intlibspace.o(.text)
    __aeabi_uidiv                            0x0000135c   ARM Code       0  aeabi_sdiv.o(.text_udiv)
    __aeabi_uidivmod                         0x0000135c   ARM Code      28  aeabi_sdiv.o(.text_udiv)
    Long ARM to Thumb Veneer to __rt_lib_shutdown 0x00001378   ARM Code       0  anon$$obj.o(Veneer$$Code)
    Short Thumb to ARM Veneer to __rt_exit   0x00001385   Thumb Code     0  anon$$obj.o(Veneer$$Code)
    Inline Thumb to ARM Veneer to _fp_init   0x0000138d   Thumb Code     0  fpinit.o(x$fpl$fpinit)
    _fp_init                                 0x00001390   ARM Code      24  fpinit.o(x$fpl$fpinit)
    __fplib_config_pureend_doubles           0x000013a0   ARM Code       0  fpinit.o(x$fpl$fpinit)
    Region$$Table$$Base                      0x000013bc   Number         0  anon$$obj.o(Region$$Table)
    Region$$Table$$Limit                     0x000013dc   Number         0  anon$$obj.o(Region$$Table)
    thoigian                                 0x40000000   Data           4  09hc.o(.data)
    GIAY                                     0x40000004   Data           4  09hc.o(.data)
    __libspace_start                         0x40000008   Data          96  libspace.o(.bss)
    __temporary_stack_top_libspace           0x40000068   Data           0  libspace.o(.bss)


================================================================================

Memory Map of the image

  Image Entry point : 0x0000016c

  Load Region LR_IROM1 (Base: 0x00000000, Size: 0x000013e4, Max: 0x00080000, ABSOLUTE)

    Execution Region ER_IROM1 (Base: 0x00000000, Size: 0x000013dc, Max: 0x00080000, ABSOLUTE)

    Base Addr    Size         Type   Attr      Idx    E Section Name        Object

    0x00000000   0x0000016c   Code   RO            3    RESET               lpc2300.o
    0x0000016c   0x00000008   Code   RO           80  * !!!main             __main.o(c_t.l)
    0x00000174   0x0000003c   Code   RO          197    !!!scatter          __scatter.o(c_t.l)
    0x000001b0   0x00000028   Code   RO          199    !!handler_copy      __scatter_copy.o(c_t.l)
    0x000001d8   0x0000002c   Code   RO          201    !!handler_zi        __scatter_zi.o(c_t.l)
    0x00000204   0x00000004   Ven    RO          120    .emb_text           lib_init.o(c_t.l)
    0x00000208   0x00000010   Code   RO          120    .emb_text           lib_init.o(c_t.l)
    0x00000218   0x00000020   Code   RO            4    .text               lpc2300.o
    0x00000238   0x000007f0   Code   RO           12    .text               09hc.o
    0x00000a28   0x000002f8   Code   RO           53    .text               __printf.o(c_t.l)
    0x00000d20   0x00000054   Code   RO           56    .text               _printf_pad.o(c_t.l)
    0x00000d74   0x00000074   Code   RO           58    .text               _printf_dec.o(c_t.l)
    0x00000de8   0x00000008   Ven    RO           60    .text               __0sprintf.o(c_t.l)
    0x00000df0   0x0000002c   Code   RO           60    .text               __0sprintf.o(c_t.l)
    0x00000e1c   0x00000180   Code   RO           62    .text               aeabi_sdiv.o(c_t.l)
    0x00000f9c   0x00000040   Code   RO           78    .text               stkheap2.o(c_t.l)
    0x00000fdc   0x00000068   Code   RO           82    .text               kernel.o(c_t.l)
    0x00001044   0x00000060   Code   RO           85    .text               sys_stackheap_outer.o(c_t.l)
    0x000010a4   0x00000010   Code   RO           94    .text               rt_stackheap_storage_intlibspace.o(c_t.l)
    0x000010b4   0x000000a8   Code   RO           96    .text               _printf_intcommon.o(c_t.l)
    0x0000115c   0x00000034   Code   RO           98    .text               _printf_char_common.o(c_t.l)
    0x00001190   0x0000000a   Code   RO          100    .text               _sputc.o(c_t.l)
    0x0000119a   0x00000002   PAD
    0x0000119c   0x00000004   Ven    RO          102    .text               rtudiv10.o(c_t.l)
    0x000011a0   0x0000002c   Code   RO          102    .text               rtudiv10.o(c_t.l)
    0x000011cc   0x00000010   Code   RO          104    .text               callvia.o(h_t.l)
    0x000011dc   0x00000018   Code   RO          105    .text               sys_exit.o(c_t.l)
    0x000011f4   0x0000000c   Code   RO          107    .text               libspace.o(c_t.l)
    0x00001200   0x00000020   Code   RO          112    .text               _printf_outstr_char.o(c_t.l)
    0x00001220   0x0000000a   Code   RO          114    .text               _printf_input_char.o(c_t.l)
    0x0000122a   0x0000000c   Code   RO          116    .text               exit.o(c_t.l)
    0x00001236   0x00000002   PAD
    0x00001238   0x00000008   Ven    RO          121    .text               lib_init.o(c_t.l)
    0x00001240   0x000000ce   Code   RO          121    .text               lib_init.o(c_t.l)
    0x0000130e   0x00000002   PAD
    0x00001310   0x0000000c   Code   RO          126    .text               boardinit2.o(c_t.l)
    0x0000131c   0x00000010   Code   RO          128    .text               boardinit3.o(c_t.l)
    0x0000132c   0x00000004   Code   RO          132    .text               use_no_semi.o(c_t.l)
    0x00001330   0x00000004   Ven    RO          137    .text               rt_locale_intlibspace.o(c_t.l)
    0x00001334   0x00000010   Code   RO          137    .text               rt_locale_intlibspace.o(c_t.l)
    0x00001344   0x00000006   Code   RO          147    .text               no_argv.o(c_t.l)
    0x0000134a   0x00000002   PAD
    0x0000134c   0x00000010   Code   RO          158    .text               rt_fp_status_addr_intlibspace.o(c_t.l)
    0x0000135c   0x0000001c   Code   RO           63    .text_udiv          aeabi_sdiv.o(c_t.l)
    0x00001378   0x0000000c   Ven    RO          209    Veneer$$Code        anon$$obj.o
    0x00001384   0x00000008   Ven    RO          210    Veneer$$Code        anon$$obj.o
    0x0000138c   0x00000004   Ven    RO          149    x$fpl$fpinit        fpinit.o(fz_ts.l)
    0x00001390   0x00000018   Code   RO          149    x$fpl$fpinit        fpinit.o(fz_ts.l)
    0x000013a8   0x00000011   Data   RO           54    .constdata          __printf.o(c_t.l)
    0x000013b9   0x00000003   PAD
    0x000013bc   0x00000020   Data   RO          196    Region$$Table       anon$$obj.o


    Execution Region RW_IRAM1 (Base: 0x40000000, Size: 0x00000570, Max: 0x00008000, ABSOLUTE)

    Base Addr    Size         Type   Attr      Idx    E Section Name        Object

    0x40000000   0x00000008   Data   RW           13    .data               09hc.o
    0x40000008   0x00000060   Zero   RW          108    .bss                libspace.o(c_t.l)
    0x40000068   0x00000000   Zero   RW            2    HEAP                lpc2300.o
    0x40000068   0x00000508   Zero   RW            1    STACK               lpc2300.o


================================================================================

Image component sizes


      Code (inc. data)   RO Data    RW Data    ZI Data      Debug   Object Name

      2032        236          0          8          0       7856   09hc.o
       396         60          0          0       1288        488   lpc2300.o

    ------------------------------------------------------------------------
      2448        300         32          8       1288       8344   Object Totals
        20          4         32          0          0          0   (incl. Generated)
         0          0          0          0          0          0   (incl. Padding)

    ------------------------------------------------------------------------

      Code (inc. data)   RO Data    RW Data    ZI Data      Debug   Library Member Name

        52          4          0          0          0          0   __0sprintf.o
         8          0          0          0          0          0   __main.o
       760          6         17          0          0          0   __printf.o
        60          8          0          0          0          0   __scatter.o
        40          0          0          0          0          0   __scatter_copy.o
        44          0          0          0          0          0   __scatter_zi.o
        52          8          0          0          0          0   _printf_char_common.o
       116         18          0          0          0          0   _printf_dec.o
        10          0          0          0          0          0   _printf_input_char.o
       168          0          0          0          0          0   _printf_intcommon.o
        32          0          0          0          0          0   _printf_outstr_char.o
        84          0          0          0          0          0   _printf_pad.o
        10          0          0          0          0          0   _sputc.o
       412          0          0          0          0          0   aeabi_sdiv.o
        12          0          0          0          0          0   boardinit2.o
        16          0          0          0          0          0   boardinit3.o
        16          0          0          0          0          0   callvia.o
        12          0          0          0          0          0   exit.o
        28          0          0          0          0          0   fpinit.o
       104          4          0          0          0          0   kernel.o
       234          4          0          0          0          0   lib_init.o
        12          4          0          0         96          0   libspace.o
         6          0          0          0          0          0   no_argv.o
        16          4          0          0          0          0   rt_fp_status_addr_intlibspace.o
        20          4          0          0          0          0   rt_locale_intlibspace.o
        16          4          0          0          0          0   rt_stackheap_storage_intlibspace.o
        48          0          0          0          0          0   rtudiv10.o
        64          0          0          0          0          0   stkheap2.o
        24          8          0          0          0          0   sys_exit.o
        96          0          0          0          0          0   sys_stackheap_outer.o
         4          0          0          0          0          0   use_no_semi.o

    ------------------------------------------------------------------------
      2584         76         20          0         96          0   Library Totals
         8          0          3          0          0          0   (incl. Padding)

    ------------------------------------------------------------------------

      Code (inc. data)   RO Data    RW Data    ZI Data      Debug   Library Name

      2532         76         17          0         96          0   c_t.l
        28          0          0          0          0          0   fz_ts.l
        16          0          0          0          0          0   h_t.l

    ------------------------------------------------------------------------
      2584         76         20          0         96          0   Library Totals

    ------------------------------------------------------------------------

================================================================================


      Code (inc. data)   RO Data    RW Data    ZI Data      Debug   

      5032        376         52          8       1384       8344   Grand Totals
      5032        376         52          8       1384       8344   ELF Image Totals
      5032        376         52          8          0          0   ROM Totals

================================================================================

    Total RO  Size (Code + RO Data)                 5084 (   4.96kB)
    Total RW  Size (RW Data + ZI Data)              1392 (   1.36kB)
    Total ROM Size (Code + RO Data + RW Data)       5092 (   4.97kB)

================================================================================

