<html>
<body>
<pre>
<h1>µVision3 Build Log</h1>
<h2>Project:</h2>
C:\Documents and Settings\sv\Desktop\0941178\led.uv2
Project File Date:  02/27/2011

<h2>Output:</h2>
Build target 'Target 1'
assembling LPC2300.s...
compiling 09hc.c...
09hc.c(142): warning:  #111-D: statement is unreachable
09hc.c(221): warning:  #177-D: variable "count" was declared but never referenced
09hc.c(274): warning:  #223-D: function "sprintf" declared implicitly
09hc.c(311): warning:  #1-D: last line of file ends without a newline
compiling LCD_4bit.c...
linking...
Program Size: Code=5060 RO-data=52 RW-data=8 ZI-data=1384  
FromELF: creating hex file...
"led.axf" - 0 Error(s), 4 Warning(s).
Build target 'Target 1'
assembling LPC2300.s...
compiling 09hc.c...
09hc.c(142): warning:  #111-D: statement is unreachable
09hc.c(221): warning:  #177-D: variable "count" was declared but never referenced
09hc.c(274): warning:  #223-D: function "sprintf" declared implicitly
09hc.c(311): warning:  #1-D: last line of file ends without a newline
compiling LCD_4bit.c...
linking...
Program Size: Code=5060 RO-data=52 RW-data=8 ZI-data=1384  
FromELF: creating hex file...
"led.axf" - 0 Error(s), 4 Warning(s).
Load "C:\\Documents and Settings\\sv\\Desktop\\0941178\\led.AXF" 
Build target 'Target 1'
assembling LPC2300.s...
compiling 09hc.c...
09hc.c(142): warning:  #111-D: statement is unreachable
09hc.c(221): warning:  #177-D: variable "count" was declared but never referenced
09hc.c(274): warning:  #223-D: function "sprintf" declared implicitly
09hc.c(311): warning:  #1-D: last line of file ends without a newline
compiling LCD_4bit.c...
linking...
Program Size: Code=5060 RO-data=52 RW-data=8 ZI-data=1384  
FromELF: creating hex file...
"led.axf" - 0 Error(s), 4 Warning(s).
Load "C:\\Documents and Settings\\sv\\Desktop\\0941178\\led.AXF" 
Erase Done.
Programming Done.
Verify OK.
Application running ...
Build target 'Target 1'
assembling LPC2300.s...
compiling 09hc.c...
09hc.c(142): warning:  #111-D: statement is unreachable
09hc.c(221): warning:  #177-D: variable "count" was declared but never referenced
09hc.c(279): warning:  #223-D: function "sprintf" declared implicitly
09hc.c(313): warning:  #1-D: last line of file ends without a newline
compiling LCD_4bit.c...
linking...
Program Size: Code=5060 RO-data=52 RW-data=8 ZI-data=1384  
FromELF: creating hex file...
"led.axf" - 0 Error(s), 4 Warning(s).
Load "C:\\Documents and Settings\\sv\\Desktop\\0941178\\led.AXF" 
Erase Done.
Programming Done.
Verify OK.
Application running ...
Build target 'Target 1'
assembling LPC2300.s...
compiling 09hc.c...
09hc.c(142): warning:  #111-D: statement is unreachable
09hc.c(221): warning:  #177-D: variable "count" was declared but never referenced
09hc.c(275): warning:  #223-D: function "sprintf" declared implicitly
09hc.c(313): warning:  #1-D: last line of file ends without a newline
compiling LCD_4bit.c...
linking...
Program Size: Code=5060 RO-data=52 RW-data=8 ZI-data=1384  
FromELF: creating hex file...
"led.axf" - 0 Error(s), 4 Warning(s).
Load "C:\\Documents and Settings\\sv\\Desktop\\0941178\\led.AXF" 
Erase Done.
Programming Done.
Verify OK.
Application running ...
Build target 'Target 1'
assembling LPC2300.s...
compiling 09hc.c...
09hc.c(142): warning:  #111-D: statement is unreachable
09hc.c(221): warning:  #177-D: variable "count" was declared but never referenced
09hc.c(275): warning:  #223-D: function "sprintf" declared implicitly
09hc.c(316): warning:  #1-D: last line of file ends without a newline
compiling LCD_4bit.c...
linking...
Program Size: Code=5060 RO-data=52 RW-data=8 ZI-data=1384  
FromELF: creating hex file...
"led.axf" - 0 Error(s), 4 Warning(s).
Load "C:\\Documents and Settings\\sv\\Desktop\\0941178\\led.AXF" 
Erase Done.
Programming Done.
Verify OK.
Application running ...
Build target 'Target 1'
assembling LPC2300.s...
compiling 09hc.c...
09hc.c(142): warning:  #111-D: statement is unreachable
09hc.c(221): warning:  #177-D: variable "count" was declared but never referenced
09hc.c(275): warning:  #223-D: function "sprintf" declared implicitly
09hc.c(316): warning:  #1-D: last line of file ends without a newline
compiling LCD_4bit.c...
linking...
Program Size: Code=5060 RO-data=52 RW-data=8 ZI-data=1384  
FromELF: creating hex file...
"led.axf" - 0 Error(s), 4 Warning(s).
Load "C:\\Documents and Settings\\sv\\Desktop\\0941178\\led.AXF" 
Erase Done.
Programming Done.
Verify OK.
Application running ...
Build target 'Target 1'
assembling LPC2300.s...
compiling 09hc.c...
09hc.c(142): warning:  #111-D: statement is unreachable
09hc.c(221): warning:  #177-D: variable "count" was declared but never referenced
09hc.c(275): warning:  #223-D: function "sprintf" declared implicitly
09hc.c(316): warning:  #1-D: last line of file ends without a newline
compiling LCD_4bit.c...
linking...
Program Size: Code=5032 RO-data=52 RW-data=8 ZI-data=1384  
FromELF: creating hex file...
"led.axf" - 0 Error(s), 4 Warning(s).
Load "C:\\Documents and Settings\\sv\\Desktop\\0941178\\led.AXF" 
Erase Done.
Programming Done.
Verify OK.
Application running ...
Build target 'Target 1'
assembling LPC2300.s...
compiling 09hc.c...
09hc.c(142): warning:  #111-D: statement is unreachable
09hc.c(221): warning:  #177-D: variable "count" was declared but never referenced
09hc.c(277): warning:  #223-D: function "sprintf" declared implicitly
09hc.c(310): warning:  #1-D: last line of file ends without a newline
compiling LCD_4bit.c...
linking...
Program Size: Code=5032 RO-data=52 RW-data=8 ZI-data=1384  
FromELF: creating hex file...
"led.axf" - 0 Error(s), 4 Warning(s).
Load "C:\\Documents and Settings\\sv\\Desktop\\0941178\\led.AXF" 
Erase Done.
Programming Done.
Verify OK.
Application running ...
Build target 'Target 1'
assembling LPC2300.s...
compiling 09hc.c...
09hc.c(142): warning:  #111-D: statement is unreachable
09hc.c(221): warning:  #177-D: variable "count" was declared but never referenced
09hc.c(277): warning:  #223-D: function "sprintf" declared implicitly
09hc.c(310): warning:  #1-D: last line of file ends without a newline
compiling LCD_4bit.c...
linking...
Program Size: Code=5032 RO-data=52 RW-data=8 ZI-data=1384  
FromELF: creating hex file...
"led.axf" - 0 Error(s), 4 Warning(s).
